<html>
<body>
<pre>
<h1>µVision Build Log</h1>
<h2>Tool Versions:</h2>
IDE-Version: µVision V5.29.0.0
Copyright (C) 2019 ARM Ltd and ARM Germany GmbH. All rights reserved.
License Information: C303 C303, USV, LIC=KIVNB-27UZL-SG67K-Z3T5E-MF38S-LYIYQ
 
Tool Versions:
Toolchain:       MDK-ARM Professional  Version: 5.29.0.0
Toolchain Path:  C:\Keil_v5\ARM\ARMCC\Bin
C Compiler:      Armcc.exe V5.06 update 6 (build 750)
Assembler:       Armasm.exe V5.06 update 6 (build 750)
Linker/Locator:  ArmLink.exe V5.06 update 6 (build 750)
Library Manager: ArmAr.exe V5.06 update 6 (build 750)
Hex Converter:   FromElf.exe V5.06 update 6 (build 750)
CPU DLL:         SARMCM3.DLL V5.29.0.0
Dialog DLL:      DCM.DLL V1.17.3.0
Target DLL:      STLink\ST-LINKIII-KEIL_SWO.dll V3.0.7.0
Dialog DLL:      TCM.DLL V1.36.5.0
 
<h2>Project:</h2>
C:\Users\Alexandra\OneDrive\Desktop\proiect MC\MDK-ARM\LCD.uvprojx
Project File Date:  01/19/2024

<h2>Output:</h2>
*** Using Compiler 'V5.06 update 6 (build 750)', folder: 'C:\Keil_v5\ARM\ARMCC\Bin'
Rebuild target 'LCD'
assembling startup_stm32f429xx.s...
compiling stm32f4xx_hal_flash_ramfunc.c...
compiling stm32f4xx_hal_dma2d.c...
compiling stm32f4xx_hal_gpio.c...
compiling stm32f4xx_hal_timebase_tim.c...
compiling stm32f4xx_it.c...
../Src/stm32f4xx_it.c(216): warning:  #1-D: last line of file ends without a newline
  /************************ (C) COPYRIGHT STMicroelectronics *****END OF FILE****/
../Src/stm32f4xx_it.c: 1 warning, 0 errors
compiling stm32f4xx_hal_dma_ex.c...
compiling stm32f4xx_hal_flash_ex.c...
compiling stm32f4xx_hal_dma.c...
compiling stm32f4xx_hal_msp.c...
compiling stm32f4xx_hal_flash.c...
compiling main.c...
../Src/main.c(217): warning:  #177-D: variable "a"  was declared but never referenced
  			char a = ' ';
../Src/main.c(218): warning:  #177-D: variable "b"  was declared but never referenced
  			char b = ' ';
../Src/main.c(219): warning:  #177-D: variable "c"  was declared but never referenced
  			char c = ' ';
../Src/main.c(903): warning:  #1-D: last line of file ends without a newline
  /************************ (C) COPYRIGHT STMicroelectronics *****END OF FILE****/
../Src/main.c: 4 warnings, 0 errors
compiling stm32f4xx_hal_rcc_ex.c...
compiling stm32f4xx_hal_rcc.c...
compiling stm32f4xx_hal.c...
compiling stm32f4xx_hal_dsi.c...
compiling stm32f4xx_hal_cortex.c...
compiling stm32f4xx_ll_fmc.c...
compiling stm32f4xx_hal_exti.c...
compiling stm32f4xx_hal_ltdc_ex.c...
compiling stm32f4xx_hal_i2c_ex.c...
compiling stm32f4xx_hal_pwr_ex.c...
compiling stm32f4xx_hal_pwr.c...
compiling stm32f4xx_hal_sdram.c...
compiling stm32f4xx_hal_ltdc.c...
compiling ili9341.c...
compiling stmpe811.c...
compiling stm32f4xx_hal_spi.c...
compiling stm32f4xx_hal_i2c.c...
compiling system_stm32f4xx.c...
compiling stm32f4xx_hal_tim_ex.c...
compiling stm32f429i_discovery_ts.c...
compiling stm32f429i_discovery_sdram.c...
compiling stm32f429i_discovery.c...
compiling stm32f4xx_hal_uart.c...
compiling stm32f429i_discovery_lcd.c...
compiling stm32f4xx_hal_tim.c...
linking...
Program Size: Code=21542 RO-data=14174 RW-data=212 ZI-data=2436  
FromELF: creating hex file...
"LCD\LCD.axf" - 0 Error(s), 5 Warning(s).

<h2>Software Packages used:</h2>

Package Vendor: ARM
                http://www.keil.com/pack/ARM.CMSIS.5.6.0.pack
                ARM.CMSIS.5.6.0
                CMSIS (Cortex Microcontroller Software Interface Standard)
   * Component: CORE Version: 5.3.0

Package Vendor: Keil
                http://www.keil.com/pack/Keil.STM32F4xx_DFP.2.14.0.pack
                Keil.STM32F4xx_DFP.2.14.0
                STMicroelectronics STM32F4 Series Device Support, Drivers and Examples

<h2>Collection of Component include folders:</h2>
  .\RTE\_LCD
  C:\Keil_v5\ARM\PACK\ARM\CMSIS\5.6.0\CMSIS\Core\Include
  C:\Keil_v5\ARM\PACK\Keil\STM32F4xx_DFP\2.14.0\Drivers\CMSIS\Device\ST\STM32F4xx\Include

<h2>Collection of Component Files used:</h2>

   * Component: ARM::CMSIS:CORE:5.3.0
Build Time Elapsed:  00:00:12
</pre>
</body>
</html>
